// Jest Snapshot v1, https://goo.gl/fbAQLP

exports[`renders homepage unchanged 1`] = `
<div>
  <div
    class="container"
  >
    <main>
      <h1
        class="title"
      >
        ROMAN NUMERAL CALCULATOR
      </h1>
      <h3>
        Enter Number To Convert
      </h3>
      <div
        class="form_container"
      >
        <form>
          <input
            class="form_input"
            data-testid="required-input"
            name="num"
            placeholder="Enter Number"
            required=""
            type="number"
            value="0"
          />
          <button
            class="form_button"
            type="submit"
          >
            CONVERT
          </button>
        </form>
      </div>
      <div>
        <h1
          class="result"
        >
           
        </h1>
      </div>
    </main>
  </div>
</div>
`;
